------------------------------------------------------------
Timing Analyzer Summary
------------------------------------------------------------

Type  : Slow 1200mV 85C Model Setup 'clk_1MHz'
Slack : -3.612
TNS   : -85.974

Type  : Slow 1200mV 85C Model Setup 'cs_out'
Slack : -1.314
TNS   : -19.710

Type  : Slow 1200mV 85C Model Hold 'clk_1MHz'
Slack : 0.343
TNS   : 0.000

Type  : Slow 1200mV 85C Model Hold 'cs_out'
Slack : 0.408
TNS   : 0.000

Type  : Slow 1200mV 85C Model Minimum Pulse Width 'clk_1MHz'
Slack : -3.000
TNS   : -32.000

Type  : Slow 1200mV 85C Model Minimum Pulse Width 'cs_out'
Slack : -3.000
TNS   : -18.000

Type  : Slow 1200mV 0C Model Setup 'clk_1MHz'
Slack : -3.126
TNS   : -74.185

Type  : Slow 1200mV 0C Model Setup 'cs_out'
Slack : -1.098
TNS   : -16.470

Type  : Slow 1200mV 0C Model Hold 'clk_1MHz'
Slack : 0.299
TNS   : 0.000

Type  : Slow 1200mV 0C Model Hold 'cs_out'
Slack : 0.364
TNS   : 0.000

Type  : Slow 1200mV 0C Model Minimum Pulse Width 'clk_1MHz'
Slack : -3.000
TNS   : -32.000

Type  : Slow 1200mV 0C Model Minimum Pulse Width 'cs_out'
Slack : -3.000
TNS   : -18.000

Type  : Fast 1200mV 0C Model Setup 'clk_1MHz'
Slack : -1.645
TNS   : -36.315

Type  : Fast 1200mV 0C Model Setup 'cs_out'
Slack : -0.305
TNS   : -4.057

Type  : Fast 1200mV 0C Model Hold 'clk_1MHz'
Slack : 0.179
TNS   : 0.000

Type  : Fast 1200mV 0C Model Hold 'cs_out'
Slack : 0.214
TNS   : 0.000

Type  : Fast 1200mV 0C Model Minimum Pulse Width 'clk_1MHz'
Slack : -3.000
TNS   : -33.852

Type  : Fast 1200mV 0C Model Minimum Pulse Width 'cs_out'
Slack : -3.000
TNS   : -18.855

------------------------------------------------------------
